--- Starting API Tests ---

[1] Registering Admin...
Register Response: 401 Not authorized, no token. Admin login required to register users.
DB not empty, register failed. We need an existing admin token. For now, assuming first run or using test DB.
Skipping rest since we have no token
